Symbol    |Code      
---------------------
1          00000000;
2          00000001;
3          00000010;
